// Vitest Snapshot v1

exports[`<SigninButton /> > renders correctly 1`] = `
<DocumentFragment>
  <a
    class="cursor-pointer"
    href="https://oauth.yandex.ru/authorize?response_type=token&client_id=1bf73c3b9e5d4332a7f1d7452fb57084&redirect_uri="
  >
    Вход
  </a>
</DocumentFragment>
`;
